// Jest Snapshot v1, https://jestjs.io/docs/snapshot-testing

exports[`renders homepage unchanged 1`] = `
<div>
  <div
    class="py-4 px-4 mx-auto max-w-screen-xl text-center lg:py-16"
  >
    <h1
      class="mb-4 text-4xl font-extrabold tracking-tight leading-none text-gray-900 md:text-5xl lg:text-6xl dark:text-white"
    >
      About this project
    </h1>
    <p
      class="mb-8 text-lg font-normal text-gray-500 lg:text-xl sm:px-16 lg:px-48 dark:text-gray-400 text-justify"
    >
      In the summer of 2025, Brody Hall interened with Omni Circle Group and Nyalia's Software Solutions. His assignment was to develop game with ThreeJS, and a core requirement was to use AI and prompt engineering. This platform showcases two of his games.
    </p>
    <p
      class="mb-8 text-lg font-normal text-gray-500 lg:text-xl sm:px-16 lg:px-48 dark:text-gray-400 text-justify"
    >
      The internship was through the Topeka Way to Work program and the City of Topeka. Show support for these efforts by following the City of Topeka on social media.
    </p>
    <div
      class="max-w-2xl mx-auto flex flex-col items-center space-y-4"
    >
      <a
        class="w-full sm:w-64 inline-flex items-center justify-center px-5 py-3 text-base font-medium text-center text-white bg-blue-600 rounded-lg hover:bg-blue-700 focus:ring-4 focus:ring-blue-300 dark:focus:ring-blue-900"
        href="https://www.facebook.com/cityoftopeka"
        rel="noopener noreferrer"
        target="_blank"
      >
        <svg
          aria-hidden="true"
          class="w-4 h-4"
          fill="currentColor"
          viewBox="0 0 8 19"
          xmlns="http://www.w3.org/2000/svg"
        >
          <path
            clip-rule="evenodd"
            d="M6.135 3H8V0H6.135a4.147 4.147 0 0 0-4.142 4.142V6H0v3h2v9.938h3V9h2.021l.592-3H5V3.591A.6.6 0 0 1 5.592 3h.543Z"
            fill-rule="evenodd"
          />
        </svg>
        Facebook
      </a>
      <a
        class="w-full sm:w-64 inline-flex items-center justify-center px-5 py-3 text-base font-medium text-center text-white bg-gradient-to-r from-[#833ab4] via-[#fd1d1d] to-[#fcb045] rounded-lg hover:bg-gradient-to-br focus:ring-4 focus:outline-none dark:focus:ring-pink-800"
        href="https://www.instagram.com/cityoftopeka/"
        rel="noopener noreferrer"
        target="_blank"
      >
        <svg
          aria-hidden="true"
          class="w-4 h-4"
          fill="none"
          stroke="currentColor"
          stroke-width="3"
          viewBox="0 0 24 24"
          xmlns="http://www.w3.org/2000/svg"
        >
          <rect
            height="20"
            rx="5"
            ry="5"
            width="20"
            x="2"
            y="2"
          />
          <path
            d="M16 11.37A4 4 0 1 1 12.63 8 4 4 0 0 1 16 11.37z"
          />
        </svg>
        Instagram
      </a>
    </div>
  </div>
</div>
`;
